com.ilmlf.sitetositeconnection.SiteToSiteConnectionTest.testStack=[
  {
    "Resources": {
      "VPCB9E5F0B4": {
        "Type": "AWS::EC2::VPC",
        "Properties": {
          "CidrBlock": "172.30.0.0/16",
          "EnableDnsHostnames": true,
          "EnableDnsSupport": true,
          "InstanceTenancy": "default",
          "Tags": [
            {
              "Key": "Name",
              "Value": "test/VPC"
            }
          ]
        }
      },
      "VPCPublicSubnet1SubnetB4246D30": {
        "Type": "AWS::EC2::Subnet",
        "Properties": {
          "CidrBlock": "172.30.0.0/18",
          "VpcId": {
            "Ref": "VPCB9E5F0B4"
          },
          "AvailabilityZone": {
            "Fn::Select": [
              0,
              {
                "Fn::GetAZs": ""
              }
            ]
          },
          "MapPublicIpOnLaunch": true,
          "Tags": [
            {
              "Key": "aws-cdk:subnet-name",
              "Value": "Public"
            },
            {
              "Key": "aws-cdk:subnet-type",
              "Value": "Public"
            },
            {
              "Key": "Name",
              "Value": "test/VPC/PublicSubnet1"
            }
          ]
        }
      },
      "VPCPublicSubnet1RouteTableFEE4B781": {
        "Type": "AWS::EC2::RouteTable",
        "Properties": {
          "VpcId": {
            "Ref": "VPCB9E5F0B4"
          },
          "Tags": [
            {
              "Key": "Name",
              "Value": "test/VPC/PublicSubnet1"
            }
          ]
        }
      },
      "VPCPublicSubnet1RouteTableAssociation0B0896DC": {
        "Type": "AWS::EC2::SubnetRouteTableAssociation",
        "Properties": {
          "RouteTableId": {
            "Ref": "VPCPublicSubnet1RouteTableFEE4B781"
          },
          "SubnetId": {
            "Ref": "VPCPublicSubnet1SubnetB4246D30"
          }
        }
      },
      "VPCPublicSubnet1DefaultRoute91CEF279": {
        "Type": "AWS::EC2::Route",
        "Properties": {
          "RouteTableId": {
            "Ref": "VPCPublicSubnet1RouteTableFEE4B781"
          },
          "DestinationCidrBlock": "0.0.0.0/0",
          "GatewayId": {
            "Ref": "VPCIGWB7E252D3"
          }
        },
        "DependsOn": [
          "VPCVPCGW99B986DC"
        ]
      },
      "VPCPublicSubnet1EIP6AD938E8": {
        "Type": "AWS::EC2::EIP",
        "Properties": {
          "Domain": "vpc",
          "Tags": [
            {
              "Key": "Name",
              "Value": "test/VPC/PublicSubnet1"
            }
          ]
        }
      },
      "VPCPublicSubnet1NATGatewayE0556630": {
        "Type": "AWS::EC2::NatGateway",
        "Properties": {
          "AllocationId": {
            "Fn::GetAtt": [
              "VPCPublicSubnet1EIP6AD938E8",
              "AllocationId"
            ]
          },
          "SubnetId": {
            "Ref": "VPCPublicSubnet1SubnetB4246D30"
          },
          "Tags": [
            {
              "Key": "Name",
              "Value": "test/VPC/PublicSubnet1"
            }
          ]
        }
      },
      "VPCPublicSubnet2Subnet74179F39": {
        "Type": "AWS::EC2::Subnet",
        "Properties": {
          "CidrBlock": "172.30.64.0/18",
          "VpcId": {
            "Ref": "VPCB9E5F0B4"
          },
          "AvailabilityZone": {
            "Fn::Select": [
              1,
              {
                "Fn::GetAZs": ""
              }
            ]
          },
          "MapPublicIpOnLaunch": true,
          "Tags": [
            {
              "Key": "aws-cdk:subnet-name",
              "Value": "Public"
            },
            {
              "Key": "aws-cdk:subnet-type",
              "Value": "Public"
            },
            {
              "Key": "Name",
              "Value": "test/VPC/PublicSubnet2"
            }
          ]
        }
      },
      "VPCPublicSubnet2RouteTable6F1A15F1": {
        "Type": "AWS::EC2::RouteTable",
        "Properties": {
          "VpcId": {
            "Ref": "VPCB9E5F0B4"
          },
          "Tags": [
            {
              "Key": "Name",
              "Value": "test/VPC/PublicSubnet2"
            }
          ]
        }
      },
      "VPCPublicSubnet2RouteTableAssociation5A808732": {
        "Type": "AWS::EC2::SubnetRouteTableAssociation",
        "Properties": {
          "RouteTableId": {
            "Ref": "VPCPublicSubnet2RouteTable6F1A15F1"
          },
          "SubnetId": {
            "Ref": "VPCPublicSubnet2Subnet74179F39"
          }
        }
      },
      "VPCPublicSubnet2DefaultRouteB7481BBA": {
        "Type": "AWS::EC2::Route",
        "Properties": {
          "RouteTableId": {
            "Ref": "VPCPublicSubnet2RouteTable6F1A15F1"
          },
          "DestinationCidrBlock": "0.0.0.0/0",
          "GatewayId": {
            "Ref": "VPCIGWB7E252D3"
          }
        },
        "DependsOn": [
          "VPCVPCGW99B986DC"
        ]
      },
      "VPCPublicSubnet2EIP4947BC00": {
        "Type": "AWS::EC2::EIP",
        "Properties": {
          "Domain": "vpc",
          "Tags": [
            {
              "Key": "Name",
              "Value": "test/VPC/PublicSubnet2"
            }
          ]
        }
      },
      "VPCPublicSubnet2NATGateway3C070193": {
        "Type": "AWS::EC2::NatGateway",
        "Properties": {
          "AllocationId": {
            "Fn::GetAtt": [
              "VPCPublicSubnet2EIP4947BC00",
              "AllocationId"
            ]
          },
          "SubnetId": {
            "Ref": "VPCPublicSubnet2Subnet74179F39"
          },
          "Tags": [
            {
              "Key": "Name",
              "Value": "test/VPC/PublicSubnet2"
            }
          ]
        }
      },
      "VPCPrivateSubnet1Subnet8BCA10E0": {
        "Type": "AWS::EC2::Subnet",
        "Properties": {
          "CidrBlock": "172.30.128.0/18",
          "VpcId": {
            "Ref": "VPCB9E5F0B4"
          },
          "AvailabilityZone": {
            "Fn::Select": [
              0,
              {
                "Fn::GetAZs": ""
              }
            ]
          },
          "MapPublicIpOnLaunch": false,
          "Tags": [
            {
              "Key": "aws-cdk:subnet-name",
              "Value": "Private"
            },
            {
              "Key": "aws-cdk:subnet-type",
              "Value": "Private"
            },
            {
              "Key": "Name",
              "Value": "test/VPC/PrivateSubnet1"
            }
          ]
        }
      },
      "VPCPrivateSubnet1RouteTableBE8A6027": {
        "Type": "AWS::EC2::RouteTable",
        "Properties": {
          "VpcId": {
            "Ref": "VPCB9E5F0B4"
          },
          "Tags": [
            {
              "Key": "Name",
              "Value": "test/VPC/PrivateSubnet1"
            }
          ]
        }
      },
      "VPCPrivateSubnet1RouteTableAssociation347902D1": {
        "Type": "AWS::EC2::SubnetRouteTableAssociation",
        "Properties": {
          "RouteTableId": {
            "Ref": "VPCPrivateSubnet1RouteTableBE8A6027"
          },
          "SubnetId": {
            "Ref": "VPCPrivateSubnet1Subnet8BCA10E0"
          }
        }
      },
      "VPCPrivateSubnet1DefaultRouteAE1D6490": {
        "Type": "AWS::EC2::Route",
        "Properties": {
          "RouteTableId": {
            "Ref": "VPCPrivateSubnet1RouteTableBE8A6027"
          },
          "DestinationCidrBlock": "0.0.0.0/0",
          "NatGatewayId": {
            "Ref": "VPCPublicSubnet1NATGatewayE0556630"
          }
        }
      },
      "VPCPrivateSubnet2SubnetCFCDAA7A": {
        "Type": "AWS::EC2::Subnet",
        "Properties": {
          "CidrBlock": "172.30.192.0/18",
          "VpcId": {
            "Ref": "VPCB9E5F0B4"
          },
          "AvailabilityZone": {
            "Fn::Select": [
              1,
              {
                "Fn::GetAZs": ""
              }
            ]
          },
          "MapPublicIpOnLaunch": false,
          "Tags": [
            {
              "Key": "aws-cdk:subnet-name",
              "Value": "Private"
            },
            {
              "Key": "aws-cdk:subnet-type",
              "Value": "Private"
            },
            {
              "Key": "Name",
              "Value": "test/VPC/PrivateSubnet2"
            }
          ]
        }
      },
      "VPCPrivateSubnet2RouteTable0A19E10E": {
        "Type": "AWS::EC2::RouteTable",
        "Properties": {
          "VpcId": {
            "Ref": "VPCB9E5F0B4"
          },
          "Tags": [
            {
              "Key": "Name",
              "Value": "test/VPC/PrivateSubnet2"
            }
          ]
        }
      },
      "VPCPrivateSubnet2RouteTableAssociation0C73D413": {
        "Type": "AWS::EC2::SubnetRouteTableAssociation",
        "Properties": {
          "RouteTableId": {
            "Ref": "VPCPrivateSubnet2RouteTable0A19E10E"
          },
          "SubnetId": {
            "Ref": "VPCPrivateSubnet2SubnetCFCDAA7A"
          }
        }
      },
      "VPCPrivateSubnet2DefaultRouteF4F5CFD2": {
        "Type": "AWS::EC2::Route",
        "Properties": {
          "RouteTableId": {
            "Ref": "VPCPrivateSubnet2RouteTable0A19E10E"
          },
          "DestinationCidrBlock": "0.0.0.0/0",
          "NatGatewayId": {
            "Ref": "VPCPublicSubnet2NATGateway3C070193"
          }
        }
      },
      "VPCIGWB7E252D3": {
        "Type": "AWS::EC2::InternetGateway",
        "Properties": {
          "Tags": [
            {
              "Key": "Name",
              "Value": "test/VPC"
            }
          ]
        }
      },
      "VPCVPCGW99B986DC": {
        "Type": "AWS::EC2::VPCGatewayAttachment",
        "Properties": {
          "VpcId": {
            "Ref": "VPCB9E5F0B4"
          },
          "InternetGatewayId": {
            "Ref": "VPCIGWB7E252D3"
          }
        }
      },
      "VPCVpnGatewayB5ABAE68": {
        "Type": "AWS::EC2::VPNGateway",
        "Properties": {
          "Type": "ipsec.1",
          "Tags": [
            {
              "Key": "Name",
              "Value": "test/VPC"
            }
          ]
        }
      },
      "VPCVPCVPNGWEF1DEEBE": {
        "Type": "AWS::EC2::VPCGatewayAttachment",
        "Properties": {
          "VpcId": {
            "Ref": "VPCB9E5F0B4"
          },
          "VpnGatewayId": {
            "Ref": "VPCVpnGatewayB5ABAE68"
          }
        }
      },
      "VPCRoutePropagation4992C07E": {
        "Type": "AWS::EC2::VPNGatewayRoutePropagation",
        "Properties": {
          "RouteTableIds": [
            {
              "Ref": "VPCPrivateSubnet1RouteTableBE8A6027"
            },
            {
              "Ref": "VPCPrivateSubnet2RouteTable0A19E10E"
            }
          ],
          "VpnGatewayId": {
            "Ref": "VPCVpnGatewayB5ABAE68"
          }
        },
        "DependsOn": [
          "VPCVPCVPNGWEF1DEEBE"
        ]
      },
      "VPCstaticCustomerGatewayCC72CA46": {
        "Type": "AWS::EC2::CustomerGateway",
        "Properties": {
          "BgpAsn": 65000,
          "IpAddress": "34.244.24.124",
          "Type": "ipsec.1",
          "Tags": [
            {
              "Key": "Name",
              "Value": "test/VPC"
            }
          ]
        }
      },
      "VPCstatic2DBA99F3": {
        "Type": "AWS::EC2::VPNConnection",
        "Properties": {
          "CustomerGatewayId": {
            "Ref": "VPCstaticCustomerGatewayCC72CA46"
          },
          "Type": "ipsec.1",
          "StaticRoutesOnly": true,
          "Tags": [
            {
              "Key": "Name",
              "Value": "test/VPC"
            }
          ],
          "VpnGatewayId": {
            "Ref": "VPCVpnGatewayB5ABAE68"
          }
        }
      },
      "VPCstaticRoute1721600165A5FD45F": {
        "Type": "AWS::EC2::VPNConnectionRoute",
        "Properties": {
          "DestinationCidrBlock": "172.16.0.0/16",
          "VpnConnectionId": {
            "Ref": "VPCstatic2DBA99F3"
          }
        }
      }
    }
  }
]